5
1
6
1
1
5.2
0.8
6.6
1.3636363636
5.2
1.2
6.4
1.6
5.4
1.0
7.04
1.4545454545
"abcxyz"
