[< 1, 2, 22, 3 >, < 4, 11, 6, 77 >, < 4, 11, 6, 77 >]
