[[4, 5, 6], [4, 89, 6]]
[[5, 6], [7, 8]]
[5, 6]
6
[[[1, 2], [99, 4]], [[5, 6], [7, 8]]]
