9
8
< 8, 3, 22, 33, 4, 5, 4 >
< 3, 22, 33, 5, 4 >
< 3, 22, 33, 5 >
