{x->12 y->56}
<{x->12 y->56}, {x->-43 y->98}, {x->999 y->98}, {x->-100 y->200}>
