{1, 2, 3, 4, 5, 6, 7}
{2, 4}
{1, 3, 5}
false
19
{2, 4, 6}
