[3, 4, 5, 6, 7, 8, 9]
[5, 6, 7, 8]
< 10, 12, 14 >
