{x->-43 y->98}
-43
{A->{x->12 y->56} B->{x->-43 y->55}}
