1234.098765
123456789.201918171615141312111
-123.456
0.123
123.0
0.0
