{[1, 2, 3, 4, 5], true, 0.5, 1, < "a", "b" >, {0.5, 0.6}, "abc", {x -> 2 y -> 3}}
{1, 2, 3, 4, 5}
{1, 3, 5}
{2, 4, 6, 8, 10}
{}
{}
