{x -> 2 y -> 5}
{a -> 0.5 b -> [1, 2, 3, 4, 5] c -> < "a", "b" > d -> {0.5, 0.6} e -> {x -> 2 y -> 3} x -> 1 y -> "abc" z -> true}
