"2/3:"
0
0.6666666667
0.6666666667
"2+3:"
5
5.0
5.0
"2*3:"
6
6.0
6.00
"2-3:"
-1
-1.0
-1.0
