3.1415926535897932384626433832795028841971693993751058209749445923
2
1.414213562
1.000000000
3.141592654
